DatabaseName	TableName	ConstraintName	IdealNewConstraintName	QueryToRenameConstraint
ProjectFirma	PerformanceMeasureExpectedSubcategoryOptionProposed	FK_PerformanceMeasureExpectedSubcategoryOptionProposed_PerformanceMeasureSubcategoryOption_PerformanceMeasureSubcategoryOptionID	FK_PerformanceMeasureExpectedSubcategoryOptionProposed_PerformanceMeasureSubcategoryOption_PerformanceMeasureSubcategoryOptionI1	exec sp_rename 'FK_PerformanceMeasureExpectedSubcategoryOptionProposed_PerformanceMeasureSubcategoryOption_PerformanceMeasureSubcategoryOptionID', 'FK_PerformanceMeasureExpectedSubcategoryOptionProposed_PerformanceMeasureSubcategoryOption_PerformanceMeasureSubcategoryOptionI1', 'OBJECT'
ProjectFirma	PerformanceMeasureExpectedSubcategoryOptionProposed	FK_PerformanceMeasureExpectedSubcategoryOptionProposed_PerformanceMeasureSubcategoryOption_PMSubcategoryOptionID_TenantID	FK_PerformanceMeasureExpectedSubcategoryOptionProposed_PerformanceMeasureSubcategoryOption_PerformanceMeasureSubcategoryOptionI2	exec sp_rename 'FK_PerformanceMeasureExpectedSubcategoryOptionProposed_PerformanceMeasureSubcategoryOption_PMSubcategoryOptionID_TenantID', 'FK_PerformanceMeasureExpectedSubcategoryOptionProposed_PerformanceMeasureSubcategoryOption_PerformanceMeasureSubcategoryOptionI2', 'OBJECT'